// Jest Snapshot v1, https://goo.gl/fbAQLP

exports[`header snapshot 1`] = `
<div
  className="header"
>
  <input
    className="header__search"
    placeholder="Search By Name..!"
    type="search"
  />
</div>
`;
