// Jest Snapshot v1, https://goo.gl/fbAQLP

exports[`spinner snapshot 1`] = `
<div
  className="load"
>
  <div
    className="loader"
  />
</div>
`;
