// Jest Snapshot v1, https://goo.gl/fbAQLP

exports[`no-record snapshot 1`] = `
<div
  className="no-record"
>
  <span>
    No Result Found
  </span>
</div>
`;
